\BOOKMARK [1][-]{section.1}{\376\377\137\025\212\000}{}% 1
\BOOKMARK [1][-]{section.2}{\376\377\170\301\133\146\155\113\221\317\166\204\122\115\154\277\116\016\217\333\134\125}{}% 2
\BOOKMARK [2][-]{subsection.2.1}{\376\377\170\024\172\166\200\314\146\157\116\016\142\200\147\057\143\021\142\030}{section.2}% 3
\BOOKMARK [2][-]{subsection.2.2}{\376\377\121\163\225\056\142\200\147\057\172\201\170\064\116\016\122\033\145\260}{section.2}% 4
\BOOKMARK [3][-]{subsubsection.2.2.1}{\376\377\145\071\217\333\127\213\000B\000-\000H\176\304\124\010\117\040\141\037\126\150}{subsection.2.2}% 5
\BOOKMARK [3][-]{subsubsection.2.2.2}{\376\377\127\372\116\216\000N\000V\202\162\137\303\166\204\221\317\133\120\170\301\155\113\221\317\142\200\147\057}{subsection.2.2}% 6
\BOOKMARK [2][-]{subsection.2.3}{\376\377\136\224\165\050\127\072\146\157\116\016\133\236\226\105\150\110\117\213}{section.2}% 7
\BOOKMARK [1][-]{section.3}{\376\377\121\111\133\146\155\113\221\317\142\200\147\057\166\204\122\033\145\260\123\321\134\125}{}% 8
\BOOKMARK [2][-]{subsection.3.1}{\376\377\142\200\147\057\200\314\146\157\116\016\170\024\172\166\141\017\116\111}{section.3}% 9
\BOOKMARK [2][-]{subsection.3.2}{\376\377\116\343\210\150\140\047\142\200\147\057\217\333\134\125}{section.3}% 10
\BOOKMARK [3][-]{subsubsection.3.2.1}{\376\377\215\205\147\120\145\231\116\016\226\306\142\020\121\111\133\146\126\150\116\366\122\033\145\260}{subsection.3.2}% 11
\BOOKMARK [3][-]{subsubsection.3.2.2}{\376\377\116\272\135\345\146\172\200\375\116\016\121\111\133\146\155\113\221\317\155\361\136\246\207\215\124\010}{subsection.3.2}% 12
\BOOKMARK [3][-]{subsubsection.3.2.3}{\376\377\131\052\215\153\121\171\116\016\121\111\130\360\142\020\120\317\142\200\147\057\136\224\165\050}{subsection.3.2}% 13
\BOOKMARK [1][-]{section.4}{\376\377\221\317\133\120\155\113\221\317\142\200\147\057\166\204\122\033\145\260\123\321\134\125}{}% 14
\BOOKMARK [2][-]{subsection.4.1}{\376\377\142\200\147\057\200\314\146\157\116\016\170\024\172\166\141\017\116\111}{section.4}% 15
\BOOKMARK [2][-]{subsection.4.2}{\376\377\116\343\210\150\140\047\142\200\147\057\217\333\134\125}{section.4}% 16
\BOOKMARK [3][-]{subsubsection.4.2.1}{\376\377\215\205\232\330\174\276\136\246\221\317\133\120\117\040\141\037\142\200\147\057}{subsection.4.2}% 17
\BOOKMARK [3][-]{subsubsection.4.2.2}{\376\377\221\317\133\120\142\020\120\317\116\016\137\061\117\341\123\367\143\242\155\113}{subsection.4.2}% 18
\BOOKMARK [3][-]{subsubsection.4.2.3}{\376\377\131\015\147\102\221\317\133\120\174\373\176\337\155\113\221\317\116\016\221\317\133\120\176\240\225\031\217\205\122\251}{subsection.4.2}% 19
\BOOKMARK [1][-]{section.5}{\376\377\176\263\174\163\134\072\136\246\162\151\164\006\221\317\155\113\221\317\166\204\122\115\154\277\116\016\123\321\134\125}{}% 20
\BOOKMARK [2][-]{subsection.5.1}{\376\377\142\200\147\057\200\314\146\157\116\016\170\024\172\166\141\017\116\111}{section.5}% 21
\BOOKMARK [2][-]{subsection.5.2}{\376\377\142\153\143\317\143\242\224\210\146\076\137\256\225\134\142\200\147\057\166\204\227\151\145\260}{section.5}% 22
\BOOKMARK [3][-]{subsubsection.5.2.1}{\376\377\123\237\133\120\176\247\122\006\217\250\163\207\166\204\232\330\220\037\142\020\120\317}{subsection.5.2}% 23
\BOOKMARK [3][-]{subsubsection.5.2.2}{\376\377\131\032\162\151\164\006\221\317\124\014\153\145\210\150\137\201}{subsection.5.2}% 24
\BOOKMARK [2][-]{subsection.5.3}{\376\377\121\111\133\146\215\205\122\006\217\250\116\016\176\263\174\163\121\111\133\120\133\146\155\113\221\317}{section.5}% 25
\BOOKMARK [3][-]{subsubsection.5.3.1}{\376\377\000S\000T\000E\000D\146\076\137\256\225\134\166\204\176\263\174\163\134\072\136\246\122\237\200\375\142\020\120\317}{subsection.5.3}% 26
\BOOKMARK [3][-]{subsubsection.5.3.2}{\376\377\176\263\174\163\121\111\133\120\133\146\117\040\141\037\126\150\166\204\123\125\122\006\133\120\150\300\155\113}{subsection.5.3}% 27
\BOOKMARK [2][-]{subsection.5.4}{\376\377\176\263\174\163\122\233\133\146\155\113\221\317\142\200\147\057\172\201\170\064}{section.5}% 28
\BOOKMARK [1][-]{section.6}{\376\377\176\323\213\272\116\016\134\125\147\033}{}% 29
\BOOKMARK [1][-]{section*.1}{\376\377\123\302\200\003\145\207\163\056}{}% 30
